Using .env file to supply config environment variables, you can create a .env.local file to overwrite defaults, it doesn't upload to git
Using .env file to supply config environment variables, you can create a .env.local file to overwrite defaults, it doesn't upload to git
运行时间限制为：25 分钟 (1500000 毫秒)
RSS抓取功能状态: 关闭 (环境变量值: "")，勿设置
话题数据抓取功能状态: 关闭 (环境变量值: "")，勿设置
未配置代理，使用直连
当前IP地址: 118.166.232.30
当前批次：1 - 3
Health check endpoint is running at http://localhost:7860/health
当前用户: g***
当前用户: s***
页面标题： LINUX DO - 新的理想型社区
检测到 _t cookie，尝试Cookie登录
当前用户: s***
页面标题： LINUX DO - 新的理想型社区
Error in launchBrowserForUser: TypeError: Cannot read properties of undefined (reading 'on')
    at pageController [90m(file:///C:/Users/willy/auto-read-liunxdo-my/[39mnode_modules/[4mpuppeteer-real-browser[24m/lib/esm/module/pageController.mjs:15:10[90m)[39m
    at connect [90m(file:///C:/Users/willy/auto-read-liunxdo-my/[39mnode_modules/[4mpuppeteer-real-browser[24m/lib/esm/index.mjs:98:16[90m)[39m
    at async launchBrowserForUser [90m(file:///C:/Users/willy/auto-read-liunxdo-my/[39mbypasscf.js:450:43[90m)[39m
已设置 _t cookie (CDP, attempt 1)
CDP cookie 验证: _t=存在
Telegram message sent successfully
_t cookie 在 CF 后仍然存在 (attempt 1)
检测到 _t cookie，尝试Cookie登录
登录状态检查: session=无, avatar=有, auth-buttons=有
Cookie 已过期（session API 无 current_user），清除过期 _t cookie...
已清除过期 _t cookie
已设置 _t cookie (CDP, attempt 1)
CDP cookie 验证: _t=存在
_t cookie 在 CF 后仍然存在 (attempt 1)
导航到 /login 页面...
登录状态检查: session=无, avatar=有, auth-buttons=有
Cookie 已过期（session API 无 current_user），清除过期 _t cookie...
已清除过期 _t cookie
[BLOCKED] https://linux.do/session/passkey/challenge.json
使用 hidden-login-form 登入...
登入结果: {"submitted":true,"action":"https://linux.do/login"}
导航到 /login 页面...
[BLOCKED] https://linux.do/session/passkey/challenge.json
使用 hidden-login-form 登入...
登入结果: {"submitted":true,"action":"https://linux.do/login"}
Retrying now...
密码登录后状态: session=无, avatar=有, auth-buttons=有
⚠️ g*** 需要手动登入！请在 Chromium 窗口中登入，脚本会等待 10 分钟。
sendToTelegramGroup: bot 或 groupId 不存在
Telegram message sent successfully
Retrying now...
密码登录后状态: session=无, avatar=有, auth-buttons=有
⚠️ s*** 需要手动登入！请在 Chromium 窗口中登入，脚本会等待 10 分钟。
sendToTelegramGroup: bot 或 groupId 不存在
Telegram message sent successfully
找到 auth-buttons，用户未登录，登录失败
Error in launchBrowserForUser: Error: 登录失败：页面显示未登录状态（auth-buttons）
    at launchBrowserForUser [90m(file:///C:/Users/willy/auto-read-liunxdo-my/[39mbypasscf.js:757:13[90m)[39m
Telegram message sent successfully
找到 auth-buttons，用户未登录，登录失败
Error in launchBrowserForUser: Error: 登录失败：页面显示未登录状态（auth-buttons）
    at launchBrowserForUser [90m(file:///C:/Users/willy/auto-read-liunxdo-my/[39mbypasscf.js:757:13[90m)[39m
等待 1500 秒
Telegram message sent successfully
时间到,Reached time limit, 退出前保存所有账号最新 _t cookie...
Reached time limit, shutting down the process...
